GAS LISTING /tmp/cckgNgGM.s 			page 1


   1              		.file	"teamcake_CPB_static.f90"
   2              		.text
   3              	.Ltext0:
   4              		.section	.rodata.str1.1,"aMS",@progbits,1
   5              	.LC1:
   6 0000 7465616D 		.string	"teamcake_CPB_static.f90"
   6      63616B65 
   6      5F435042 
   6      5F737461 
   6      7469632E 
   7              		.section	.rodata
   8              	.LC2:
   9 0000 232023   		.ascii	"# #"
  10              		.section	.text.unlikely,"ax",@progbits
  11              	.LCOLDB4:
  12              		.text
  13              	.LHOTB4:
  14              		.p2align 4,,15
  15              		.section	.text.unlikely
  16              	.Ltext_cold0:
  17              		.text
  19              	MAIN__._omp_fn.0:
  20              	.LFB2:
  21              		.file 1 "teamcake_CPB_static.f90"
   1:teamcake_CPB_static.f90 **** PROGRAM TEAMCAKE_CPB_STATIC
   2:teamcake_CPB_static.f90 ****   !
   3:teamcake_CPB_static.f90 ****   IMPLICIT NONE
   4:teamcake_CPB_static.f90 ****   !
   5:teamcake_CPB_static.f90 ****   !$    INCLUDE "omp_lib.h"
   6:teamcake_CPB_static.f90 ****   INTEGER, PARAMETER :: I4B = SELECTED_INT_KIND(9)
   7:teamcake_CPB_static.f90 ****   !
   8:teamcake_CPB_static.f90 ****   INTEGER, PARAMETER :: SP = KIND(1.0)
   9:teamcake_CPB_static.f90 ****   INTEGER, PARAMETER :: DP = KIND(1.0D0)
  10:teamcake_CPB_static.f90 ****   !
  11:teamcake_CPB_static.f90 ****   ! Order of the Central Moving Average p = 2 n + 1
  12:teamcake_CPB_static.f90 ****   INTEGER(KIND = I4B), PARAMETER :: n_val = 20, p_val = 2*n_val + 1
  13:teamcake_CPB_static.f90 ****   ! Vector dimension
  14:teamcake_CPB_static.f90 ****   INTEGER(KIND = I4B), PARAMETER :: dim_data = 24513
  15:teamcake_CPB_static.f90 ****   !
  16:teamcake_CPB_static.f90 ****   INTEGER(KIND = I4B) :: index, iam, nt, ipoints, istart, min_index, max_index, dim, IERR
  17:teamcake_CPB_static.f90 ****   REAL(KIND = DP), DIMENSION(0:dim_data-1) :: data, cma_data
  18:teamcake_CPB_static.f90 ****   REAL(KIND = DP) :: time_start, time_end
  19:teamcake_CPB_static.f90 ****   !
  20:teamcake_CPB_static.f90 ****   ! Read Data File to skip one row
  21:teamcake_CPB_static.f90 ****   READ(*,*) index
  22:teamcake_CPB_static.f90 ****   !
  23:teamcake_CPB_static.f90 ****   DO index = 0, dim_data-1
  24:teamcake_CPB_static.f90 ****      READ(*,*) data(index)
  25:teamcake_CPB_static.f90 ****   ENDDO
  26:teamcake_CPB_static.f90 ****   !
  27:teamcake_CPB_static.f90 ****   ! Set time start
  28:teamcake_CPB_static.f90 ****   CALL CPU_TIME(time_start)
  29:teamcake_CPB_static.f90 ****   !
  30:teamcake_CPB_static.f90 ****   !$OMP PARALLEL PRIVATE(iam,nt,ipoints,istart,index, dim, min_index, max_index)
  22              		.loc 1 30 0
  23              		.cfi_startproc
  24              	.LVL0:
GAS LISTING /tmp/cckgNgGM.s 			page 2


  25 0000 55       		pushl	%ebp
  26              		.cfi_def_cfa_offset 8
  27              		.cfi_offset 5, -8
  28 0001 57       		pushl	%edi
  29              		.cfi_def_cfa_offset 12
  30              		.cfi_offset 7, -12
  31:teamcake_CPB_static.f90 ****   iam = OMP_GET_THREAD_NUM()
  32:teamcake_CPB_static.f90 ****   nt =  OMP_GET_NUM_THREADS()
  33:teamcake_CPB_static.f90 ****   ipoints = dim_data / nt
  31              		.loc 1 33 0
  32 0002 BFC15F00 		movl	$24513, %edi
  32      00
  30:teamcake_CPB_static.f90 ****   iam = OMP_GET_THREAD_NUM()
  33              		.loc 1 30 0
  34 0007 56       		pushl	%esi
  35              		.cfi_def_cfa_offset 16
  36              		.cfi_offset 6, -16
  37 0008 53       		pushl	%ebx
  38              		.cfi_def_cfa_offset 20
  39              		.cfi_offset 3, -20
  40 0009 81EC8C01 		subl	$396, %esp
  40      0000
  41              		.cfi_def_cfa_offset 416
  31:teamcake_CPB_static.f90 ****   iam = OMP_GET_THREAD_NUM()
  42              		.loc 1 31 0
  43 000f E8FCFFFF 		call	omp_get_thread_num_
  43      FF
  44              	.LVL1:
  45 0014 89C5     		movl	%eax, %ebp
  46 0016 89442418 		movl	%eax, 24(%esp)
  32:teamcake_CPB_static.f90 ****   ipoints = dim_data / nt
  47              		.loc 1 32 0
  48 001a E8FCFFFF 		call	omp_get_num_threads_
  48      FF
  49              	.LVL2:
  34:teamcake_CPB_static.f90 ****   istart = iam * ipoints
  50              		.loc 1 34 0
  51 001f 89EE     		movl	%ebp, %esi
  35:teamcake_CPB_static.f90 ****   dim = p_val
  52              		.loc 1 35 0
  53 0021 C7442428 		movl	$41, 40(%esp)
  53      29000000 
  32:teamcake_CPB_static.f90 ****   ipoints = dim_data / nt
  54              		.loc 1 32 0
  55 0029 89C1     		movl	%eax, %ecx
  56 002b 8944241C 		movl	%eax, 28(%esp)
  33:teamcake_CPB_static.f90 ****   istart = iam * ipoints
  57              		.loc 1 33 0
  58 002f 89F8     		movl	%edi, %eax
  59 0031 99       		cltd
  60 0032 F7F9     		idivl	%ecx
  36:teamcake_CPB_static.f90 ****   !
  37:teamcake_CPB_static.f90 ****   ! Last Task
  38:teamcake_CPB_static.f90 ****   if (iam .EQ. nt-1) then
  61              		.loc 1 38 0
  62 0034 83E901   		subl	$1, %ecx
  34:teamcake_CPB_static.f90 ****   dim = p_val
GAS LISTING /tmp/cckgNgGM.s 			page 3


  63              		.loc 1 34 0
  64 0037 0FAFF0   		imull	%eax, %esi
  33:teamcake_CPB_static.f90 ****   istart = iam * ipoints
  65              		.loc 1 33 0
  66 003a 89C3     		movl	%eax, %ebx
  67 003c 89442420 		movl	%eax, 32(%esp)
  34:teamcake_CPB_static.f90 ****   dim = p_val
  68              		.loc 1 34 0
  69 0040 89742424 		movl	%esi, 36(%esp)
  70              		.loc 1 38 0
  71 0044 39CD     		cmpl	%ecx, %ebp
  72 0046 7508     		jne	.L11
  39:teamcake_CPB_static.f90 ****      ipoints=dim_data - istart 
  73              		.loc 1 39 0
  74 0048 29F7     		subl	%esi, %edi
  75 004a 89FB     		movl	%edi, %ebx
  76 004c 897C2420 		movl	%edi, 32(%esp)
  77              	.L11:
  78              	.LBB2:
  40:teamcake_CPB_static.f90 ****   endif
  41:teamcake_CPB_static.f90 ****   !
  42:teamcake_CPB_static.f90 ****   WRITE(FMT=*,UNIT=200) "# #", iam, nt, ipoints, istart, dim
  79              		.loc 1 42 0
  80 0050 C7442434 		movl	$.LC1, 52(%esp)
  80      00000000 
  81 0058 83EC0C   		subl	$12, %esp
  82              		.cfi_def_cfa_offset 428
  83              	.LBE2:
  84              	.LBB3:
  43:teamcake_CPB_static.f90 ****   !
  44:teamcake_CPB_static.f90 ****   DO index = istart, istart + ipoints - 1
  85              		.loc 1 44 0
  86 005b 01F3     		addl	%esi, %ebx
  87              	.LBE3:
  88              	.LBB10:
  42:teamcake_CPB_static.f90 ****   !
  89              		.loc 1 42 0
  90 005d C7442444 		movl	$42, 68(%esp)
  90      2A000000 
  91 0065 C7442438 		movl	$128, 56(%esp)
  91      80000000 
  92 006d C744243C 		movl	$200, 60(%esp)
  92      C8000000 
  93 0075 8D6C2438 		leal	56(%esp), %ebp
  94 0079 55       		pushl	%ebp
  95              		.cfi_def_cfa_offset 432
  96 007a E8FCFFFF 		call	_gfortran_st_write
  96      FF
  97              	.LVL3:
  98 007f 83C40C   		addl	$12, %esp
  99              		.cfi_def_cfa_offset 420
 100 0082 6A03     		pushl	$3
 101              		.cfi_def_cfa_offset 424
 102 0084 68000000 		pushl	$.LC2
 102      00
 103              		.cfi_def_cfa_offset 428
 104 0089 55       		pushl	%ebp
GAS LISTING /tmp/cckgNgGM.s 			page 4


 105              		.cfi_def_cfa_offset 432
 106 008a E8FCFFFF 		call	_gfortran_transfer_character_write
 106      FF
 107              	.LVL4:
 108 008f 83C40C   		addl	$12, %esp
 109              		.cfi_def_cfa_offset 420
 110 0092 6A04     		pushl	$4
 111              		.cfi_def_cfa_offset 424
 112 0094 8D4C2420 		leal	32(%esp), %ecx
 113 0098 51       		pushl	%ecx
 114              		.cfi_def_cfa_offset 428
 115 0099 55       		pushl	%ebp
 116              		.cfi_def_cfa_offset 432
 117 009a E8FCFFFF 		call	_gfortran_transfer_integer_write
 117      FF
 118              	.LVL5:
 119 009f 83C40C   		addl	$12, %esp
 120              		.cfi_def_cfa_offset 420
 121 00a2 6A04     		pushl	$4
 122              		.cfi_def_cfa_offset 424
 123 00a4 8D7C2424 		leal	36(%esp), %edi
 124 00a8 57       		pushl	%edi
 125              		.cfi_def_cfa_offset 428
 126 00a9 55       		pushl	%ebp
 127              		.cfi_def_cfa_offset 432
 128 00aa E8FCFFFF 		call	_gfortran_transfer_integer_write
 128      FF
 129              	.LVL6:
 130 00af 83C40C   		addl	$12, %esp
 131              		.cfi_def_cfa_offset 420
 132 00b2 6A04     		pushl	$4
 133              		.cfi_def_cfa_offset 424
 134 00b4 8D442428 		leal	40(%esp), %eax
 135 00b8 50       		pushl	%eax
 136              		.cfi_def_cfa_offset 428
 137 00b9 55       		pushl	%ebp
 138              		.cfi_def_cfa_offset 432
 139 00ba E8FCFFFF 		call	_gfortran_transfer_integer_write
 139      FF
 140              	.LVL7:
 141 00bf 83C40C   		addl	$12, %esp
 142              		.cfi_def_cfa_offset 420
 143 00c2 6A04     		pushl	$4
 144              		.cfi_def_cfa_offset 424
 145 00c4 8D54242C 		leal	44(%esp), %edx
 146 00c8 52       		pushl	%edx
 147              		.cfi_def_cfa_offset 428
 148 00c9 55       		pushl	%ebp
 149              		.cfi_def_cfa_offset 432
 150 00ca E8FCFFFF 		call	_gfortran_transfer_integer_write
 150      FF
 151              	.LVL8:
 152 00cf 83C40C   		addl	$12, %esp
 153              		.cfi_def_cfa_offset 420
 154 00d2 6A04     		pushl	$4
 155              		.cfi_def_cfa_offset 424
 156 00d4 8D4C2430 		leal	48(%esp), %ecx
GAS LISTING /tmp/cckgNgGM.s 			page 5


 157 00d8 51       		pushl	%ecx
 158              		.cfi_def_cfa_offset 428
 159 00d9 55       		pushl	%ebp
 160              		.cfi_def_cfa_offset 432
 161 00da E8FCFFFF 		call	_gfortran_transfer_integer_write
 161      FF
 162              	.LVL9:
 163 00df 892C24   		movl	%ebp, (%esp)
 164 00e2 E8FCFFFF 		call	_gfortran_st_write_done
 164      FF
 165              	.LVL10:
 166              	.LBE10:
 167              	.LBB11:
 168              		.loc 1 44 0
 169 00e7 83C410   		addl	$16, %esp
 170              		.cfi_def_cfa_offset 416
 171 00ea 39DE     		cmpl	%ebx, %esi
 172 00ec 0F8D0C01 		jge	.L1
 172      0000
 173 00f2 8BAC24A0 		movl	416(%esp), %ebp
 173      010000
 174 00f9 8D5BEC   		leal	-20(%ebx), %ebx
 175 00fc 83EE14   		subl	$20, %esi
 176              	.LVL11:
 177 00ff 895C240C 		movl	%ebx, 12(%esp)
 178 0103 8B6D00   		movl	0(%ebp), %ebp
 179              	.LVL12:
 180 0106 8D76008D 		.p2align 4,,10
 180      BC270000 
 180      0000
 181              		.p2align 3
 182              	.L7:
 183 0110 8D5E28   		leal	40(%esi), %ebx
 184              	.LBB4:
  45:teamcake_CPB_static.f90 ****      !
  46:teamcake_CPB_static.f90 ****      ! CMA
  47:teamcake_CPB_static.f90 ****      min_index = index - n_val
 185              		.loc 1 47 0
 186 0113 89F7     		movl	%esi, %edi
 187              	.LVL13:
  48:teamcake_CPB_static.f90 ****      max_index = index + n_val
  49:teamcake_CPB_static.f90 ****      !
  50:teamcake_CPB_static.f90 ****      IF (min_index < 0) THEN
 188              		.loc 1 50 0
 189 0115 85F6     		testl	%esi, %esi
 190 0117 0F88F300 		js	.L51
 190      0000
 191 011d 81FBC05F 		cmpl	$24512, %ebx
 191      0000
 192 0123 B8C05F00 		movl	$24512, %eax
 192      00
 193 0128 0F4FD8   		cmovg	%eax, %ebx
 194              	.LVL14:
  51:teamcake_CPB_static.f90 ****         min_index = 0
  52:teamcake_CPB_static.f90 ****      ELSE IF (max_index > dim_data - 1) THEN
  53:teamcake_CPB_static.f90 ****         max_index = dim_data - 1
  54:teamcake_CPB_static.f90 ****      ENDIF
GAS LISTING /tmp/cckgNgGM.s 			page 6


  55:teamcake_CPB_static.f90 ****      !
  56:teamcake_CPB_static.f90 ****      dim = max_index - min_index + 1
 195              		.loc 1 56 0
 196 012b 89DA     		movl	%ebx, %edx
 197 012d 29FA     		subl	%edi, %edx
 198 012f 83C201   		addl	$1, %edx
 199 0132 89542408 		movl	%edx, 8(%esp)
 200              	.LBB5:
 201              	.LBB6:
  57:teamcake_CPB_static.f90 ****      !
  58:teamcake_CPB_static.f90 ****      !
  59:teamcake_CPB_static.f90 ****      cma_data(index) = SUM(data(min_index:max_index))/REAL(dim,DP)
 202              		.loc 1 59 0
 203 0136 39DF     		cmpl	%ebx, %edi
 204 0138 0F8FE700 		jg	.L52
 204      0000
 205              	.LVL15:
 206              	.L5:
 207 013e 8B8C24A0 		movl	416(%esp), %ecx
 207      010000
 208 0145 8D4701   		leal	1(%edi), %eax
 209 0148 D9EE     		fldz
 210 014a 8B5104   		movl	4(%ecx), %edx
 211 014d 8D4B01   		leal	1(%ebx), %ecx
 212 0150 29FB     		subl	%edi, %ebx
 213              	.LVL16:
 214 0152 83E307   		andl	$7, %ebx
 215 0155 DC04FA   		faddl	(%edx,%edi,8)
 216 0158 39C8     		cmpl	%ecx, %eax
 217 015a 0F848400 		je	.L8
 217      0000
 218 0160 85DB     		testl	%ebx, %ebx
 219 0162 744C     		je	.L9
 220 0164 83FB01   		cmpl	$1, %ebx
 221 0167 743D     		je	.L33
 222 0169 83FB02   		cmpl	$2, %ebx
 223 016c 7432     		je	.L34
 224 016e 83FB03   		cmpl	$3, %ebx
 225 0171 7427     		je	.L35
 226 0173 83FB04   		cmpl	$4, %ebx
 227 0176 741C     		je	.L36
 228 0178 83FB05   		cmpl	$5, %ebx
 229 017b 7411     		je	.L37
 230 017d 83FB06   		cmpl	$6, %ebx
 231 0180 7406     		je	.L38
 232 0182 DC04C2   		faddl	(%edx,%eax,8)
 233 0185 8D4702   		leal	2(%edi), %eax
 234              	.L38:
 235 0188 DC04C2   		faddl	(%edx,%eax,8)
 236 018b 83C001   		addl	$1, %eax
 237              	.L37:
 238 018e DC04C2   		faddl	(%edx,%eax,8)
 239 0191 83C001   		addl	$1, %eax
 240              	.L36:
 241 0194 DC04C2   		faddl	(%edx,%eax,8)
 242 0197 83C001   		addl	$1, %eax
 243              	.L35:
GAS LISTING /tmp/cckgNgGM.s 			page 7


 244 019a DC04C2   		faddl	(%edx,%eax,8)
 245 019d 83C001   		addl	$1, %eax
 246              	.L34:
 247 01a0 DC04C2   		faddl	(%edx,%eax,8)
 248 01a3 83C001   		addl	$1, %eax
 249              	.L33:
 250 01a6 DC04C2   		faddl	(%edx,%eax,8)
 251 01a9 83C001   		addl	$1, %eax
 252 01ac 39C8     		cmpl	%ecx, %eax
 253 01ae 7434     		je	.L8
 254              	.LVL17:
 255              		.p2align 4,,10
 256              		.p2align 3
 257              	.L9:
 258              		.loc 1 59 0 is_stmt 0 discriminator 3
 259 01b0 DC04C2   		faddl	(%edx,%eax,8)
 260 01b3 8D7801   		leal	1(%eax), %edi
 261 01b6 8D5802   		leal	2(%eax), %ebx
 262 01b9 DC04FA   		faddl	(%edx,%edi,8)
 263 01bc 8D7803   		leal	3(%eax), %edi
 264 01bf DC04DA   		faddl	(%edx,%ebx,8)
 265 01c2 8D5804   		leal	4(%eax), %ebx
 266 01c5 DC04FA   		faddl	(%edx,%edi,8)
 267 01c8 8D7805   		leal	5(%eax), %edi
 268 01cb DC04DA   		faddl	(%edx,%ebx,8)
 269 01ce 8D5806   		leal	6(%eax), %ebx
 270 01d1 DC04FA   		faddl	(%edx,%edi,8)
 271 01d4 8D7807   		leal	7(%eax), %edi
 272 01d7 83C008   		addl	$8, %eax
 273 01da DC04DA   		faddl	(%edx,%ebx,8)
 274 01dd DC04FA   		faddl	(%edx,%edi,8)
 275 01e0 39C8     		cmpl	%ecx, %eax
 276 01e2 75CC     		jne	.L9
 277              	.LVL18:
 278              	.L8:
 279              	.LBE6:
 280              		.loc 1 59 0 discriminator 2
 281 01e4 DB442408 		fildl	8(%esp)
 282 01e8 DEF9     		fdivrp	%st, %st(1)
 283 01ea DD9CF5A0 		fstpl	160(%ebp,%esi,8)
 283      000000
 284              	.LVL19:
 285 01f1 83C601   		addl	$1, %esi
 286              	.LVL20:
 287              	.LBE5:
  44:teamcake_CPB_static.f90 ****      !
 288              		.loc 1 44 0 is_stmt 1 discriminator 2
 289 01f4 3B74240C 		cmpl	12(%esp), %esi
 290 01f8 0F8512FF 		jne	.L7
 290      FFFF
 291              	.LVL21:
 292              	.L1:
 293              	.LBE4:
 294              	.LBE11:
  30:teamcake_CPB_static.f90 ****   iam = OMP_GET_THREAD_NUM()
 295              		.loc 1 30 0
 296 01fe 81C48C01 		addl	$396, %esp
GAS LISTING /tmp/cckgNgGM.s 			page 8


 296      0000
 297              		.cfi_remember_state
 298              		.cfi_def_cfa_offset 20
 299 0204 5B       		popl	%ebx
 300              		.cfi_restore 3
 301              		.cfi_def_cfa_offset 16
 302 0205 5E       		popl	%esi
 303              		.cfi_restore 6
 304              		.cfi_def_cfa_offset 12
 305 0206 5F       		popl	%edi
 306              		.cfi_restore 7
 307              		.cfi_def_cfa_offset 8
 308 0207 5D       		popl	%ebp
 309              		.cfi_restore 5
 310              		.cfi_def_cfa_offset 4
 311 0208 C3       		ret
 312              	.LVL22:
 313 0209 8DB42600 		.p2align 4,,10
 313      000000
 314              		.p2align 3
 315              	.L51:
 316              		.cfi_restore_state
 317              	.LBB12:
 318              	.LBB9:
  51:teamcake_CPB_static.f90 ****      ELSE IF (max_index > dim_data - 1) THEN
 319              		.loc 1 51 0
 320 0210 31FF     		xorl	%edi, %edi
 321              	.LVL23:
  56:teamcake_CPB_static.f90 ****      !
 322              		.loc 1 56 0
 323 0212 89DA     		movl	%ebx, %edx
 324 0214 29FA     		subl	%edi, %edx
 325 0216 83C201   		addl	$1, %edx
 326 0219 89542408 		movl	%edx, 8(%esp)
 327              	.LBB8:
 328              	.LBB7:
 329              		.loc 1 59 0
 330 021d 39DF     		cmpl	%ebx, %edi
 331 021f 0F8E19FF 		jle	.L5
 331      FFFF
 332              	.L52:
 333              	.LBE7:
 334 0225 D9EE     		fldz
 335 0227 EBBB     		jmp	.L8
 336              	.LBE8:
 337              	.LBE9:
 338              	.LBE12:
 339              		.cfi_endproc
 340              	.LFE2:
 342              		.section	.text.unlikely
 343              	.LCOLDE4:
 344              		.text
 345              	.LHOTE4:
 346              		.section	.rodata
 347              	.LC5:
 348 0003 2323     		.ascii	"##"
 349              		.section	.text.unlikely
GAS LISTING /tmp/cckgNgGM.s 			page 9


 350              	.LCOLDB6:
 351              		.text
 352              	.LHOTB6:
 353 0229 8DB42600 		.p2align 4,,15
 353      000000
 355              	MAIN__:
 356              	.LFB0:
   1:teamcake_CPB_static.f90 ****   IMPLICIT NONE
 357              		.loc 1 1 0
 358              		.cfi_startproc
 359 0230 55       		pushl	%ebp
 360              		.cfi_def_cfa_offset 8
 361              		.cfi_offset 5, -8
 362 0231 57       		pushl	%edi
 363              		.cfi_def_cfa_offset 12
 364              		.cfi_offset 7, -12
 365 0232 56       		pushl	%esi
 366              		.cfi_def_cfa_offset 16
 367              		.cfi_offset 6, -16
 368 0233 31F6     		xorl	%esi, %esi
 369 0235 53       		pushl	%ebx
 370              		.cfi_def_cfa_offset 20
 371              		.cfi_offset 3, -20
 372 0236 81ECA8FD 		subl	$392616, %esp
 372      0500
 373              		.cfi_def_cfa_offset 392636
 374              	.LBB13:
  21:teamcake_CPB_static.f90 ****   !
 375              		.loc 1 21 0
 376 023c 8D842494 		leal	196500(%esp), %eax
 376      FF0200
 377 0243 C784249C 		movl	$.LC1, 196508(%esp)
 377      FF020000 
 377      000000
 378 024e C78424A0 		movl	$21, 196512(%esp)
 378      FF020015 
 378      000000
 379 0259 C7842494 		movl	$128, 196500(%esp)
 379      FF020080 
 379      000000
 380 0264 C7842498 		movl	$5, 196504(%esp)
 380      FF020005 
 380      000000
 381 026f 50       		pushl	%eax
 382              		.cfi_def_cfa_offset 392640
 383 0270 E8FCFFFF 		call	_gfortran_st_read
 383      FF
 384              	.LVL24:
 385 0275 83C40C   		addl	$12, %esp
 386              		.cfi_def_cfa_offset 392628
 387 0278 6A04     		pushl	$4
 388              		.cfi_def_cfa_offset 392632
 389 027a 8D542414 		leal	20(%esp), %edx
 390 027e 52       		pushl	%edx
 391              		.cfi_def_cfa_offset 392636
 392 027f 8D8C2494 		leal	196500(%esp), %ecx
 392      FF0200
GAS LISTING /tmp/cckgNgGM.s 			page 10


 393 0286 51       		pushl	%ecx
 394              		.cfi_def_cfa_offset 392640
 395 0287 E8FCFFFF 		call	_gfortran_transfer_integer
 395      FF
 396              	.LVL25:
 397 028c 58       		popl	%eax
 398              		.cfi_def_cfa_offset 392636
 399 028d 8D9C2494 		leal	196500(%esp), %ebx
 399      FF0200
 400 0294 53       		pushl	%ebx
 401              		.cfi_def_cfa_offset 392640
 402 0295 E8FCFFFF 		call	_gfortran_st_read_done
 402      FF
 403              	.LVL26:
 404 029a 8DBC2498 		leal	196504(%esp), %edi
 404      FF0200
 405              	.LBE13:
 406 02a1 83C410   		addl	$16, %esp
 407              		.cfi_def_cfa_offset 392624
 408 02a4 8D9C2480 		leal	384(%esp), %ebx
 408      010000
 409              	.L54:
 410              	.LBB14:
 411              	.LBB15:
  24:teamcake_CPB_static.f90 ****   ENDDO
 412              		.loc 1 24 0 discriminator 1
 413 02ab C7842488 		movl	$.LC1, 392(%esp)
 413      01000000 
 413      000000
 414 02b6 83EC0C   		subl	$12, %esp
 415              		.cfi_def_cfa_offset 392636
 416 02b9 C7842498 		movl	$24, 408(%esp)
 416      01000018 
 416      000000
 417              	.LBE15:
  23:teamcake_CPB_static.f90 ****      READ(*,*) data(index)
 418              		.loc 1 23 0 discriminator 1
 419 02c4 8D6E01   		leal	1(%esi), %ebp
 420              	.LBB16:
  24:teamcake_CPB_static.f90 ****   ENDDO
 421              		.loc 1 24 0 discriminator 1
 422 02c7 C784248C 		movl	$128, 396(%esp)
 422      01000080 
 422      000000
 423 02d2 C7842490 		movl	$5, 400(%esp)
 423      01000005 
 423      000000
 424 02dd 53       		pushl	%ebx
 425              		.cfi_def_cfa_offset 392640
 426 02de E8FCFFFF 		call	_gfortran_st_read
 426      FF
 427              	.LVL27:
 428 02e3 83C40C   		addl	$12, %esp
 429              		.cfi_def_cfa_offset 392628
 430 02e6 6A08     		pushl	$8
 431              		.cfi_def_cfa_offset 392632
 432 02e8 57       		pushl	%edi
GAS LISTING /tmp/cckgNgGM.s 			page 11


 433              		.cfi_def_cfa_offset 392636
 434 02e9 53       		pushl	%ebx
 435              		.cfi_def_cfa_offset 392640
 436 02ea E8FCFFFF 		call	_gfortran_transfer_real
 436      FF
 437              	.LVL28:
 438 02ef 891C24   		movl	%ebx, (%esp)
 439 02f2 E8FCFFFF 		call	_gfortran_st_read_done
 439      FF
 440              	.LVL29:
 441              	.LBE16:
  23:teamcake_CPB_static.f90 ****      READ(*,*) data(index)
 442              		.loc 1 23 0 discriminator 1
 443 02f7 896C241C 		movl	%ebp, 28(%esp)
 444 02fb 8D6F08   		leal	8(%edi), %ebp
 445              	.LBB17:
  24:teamcake_CPB_static.f90 ****   ENDDO
 446              		.loc 1 24 0 discriminator 1
 447 02fe C7842498 		movl	$.LC1, 408(%esp)
 447      01000000 
 447      000000
 448 0309 C784249C 		movl	$24, 412(%esp)
 448      01000018 
 448      000000
 449 0314 C7842490 		movl	$128, 400(%esp)
 449      01000080 
 449      000000
 450 031f C7842494 		movl	$5, 404(%esp)
 450      01000005 
 450      000000
 451 032a 891C24   		movl	%ebx, (%esp)
 452 032d E8FCFFFF 		call	_gfortran_st_read
 452      FF
 453              	.LVL30:
 454 0332 83C40C   		addl	$12, %esp
 455              		.cfi_def_cfa_offset 392628
 456 0335 6A08     		pushl	$8
 457              		.cfi_def_cfa_offset 392632
 458 0337 55       		pushl	%ebp
 459              		.cfi_def_cfa_offset 392636
 460 0338 8D6F10   		leal	16(%edi), %ebp
 461 033b 83C718   		addl	$24, %edi
 462 033e 53       		pushl	%ebx
 463              		.cfi_def_cfa_offset 392640
 464 033f E8FCFFFF 		call	_gfortran_transfer_real
 464      FF
 465              	.LVL31:
 466 0344 891C24   		movl	%ebx, (%esp)
 467 0347 E8FCFFFF 		call	_gfortran_st_read_done
 467      FF
 468              	.LVL32:
 469              	.LBE17:
  23:teamcake_CPB_static.f90 ****      READ(*,*) data(index)
 470              		.loc 1 23 0 discriminator 1
 471 034c 8D4602   		leal	2(%esi), %eax
 472              	.LBB18:
  24:teamcake_CPB_static.f90 ****   ENDDO
GAS LISTING /tmp/cckgNgGM.s 			page 12


 473              		.loc 1 24 0 discriminator 1
 474 034f 891C24   		movl	%ebx, (%esp)
 475              	.LBE18:
  23:teamcake_CPB_static.f90 ****      READ(*,*) data(index)
 476              		.loc 1 23 0 discriminator 1
 477 0352 83C603   		addl	$3, %esi
 478 0355 8944241C 		movl	%eax, 28(%esp)
 479              	.LBB19:
  24:teamcake_CPB_static.f90 ****   ENDDO
 480              		.loc 1 24 0 discriminator 1
 481 0359 C7842498 		movl	$.LC1, 408(%esp)
 481      01000000 
 481      000000
 482 0364 C784249C 		movl	$24, 412(%esp)
 482      01000018 
 482      000000
 483 036f C7842490 		movl	$128, 400(%esp)
 483      01000080 
 483      000000
 484 037a C7842494 		movl	$5, 404(%esp)
 484      01000005 
 484      000000
 485 0385 E8FCFFFF 		call	_gfortran_st_read
 485      FF
 486              	.LVL33:
 487 038a 83C40C   		addl	$12, %esp
 488              		.cfi_def_cfa_offset 392628
 489 038d 6A08     		pushl	$8
 490              		.cfi_def_cfa_offset 392632
 491 038f 55       		pushl	%ebp
 492              		.cfi_def_cfa_offset 392636
 493 0390 53       		pushl	%ebx
 494              		.cfi_def_cfa_offset 392640
 495 0391 E8FCFFFF 		call	_gfortran_transfer_real
 495      FF
 496              	.LVL34:
 497 0396 891C24   		movl	%ebx, (%esp)
 498 0399 E8FCFFFF 		call	_gfortran_st_read_done
 498      FF
 499              	.LVL35:
 500              	.LBE19:
  23:teamcake_CPB_static.f90 ****      READ(*,*) data(index)
 501              		.loc 1 23 0 discriminator 1
 502 039e 8974241C 		movl	%esi, 28(%esp)
 503 03a2 83C410   		addl	$16, %esp
 504              		.cfi_def_cfa_offset 392624
 505 03a5 81FEC15F 		cmpl	$24513, %esi
 505      0000
 506 03ab 0F85FAFE 		jne	.L54
 506      FFFF
 507              	.LBE14:
  28:teamcake_CPB_static.f90 ****   !
 508              		.loc 1 28 0
 509 03b1 83EC0C   		subl	$12, %esp
 510              		.cfi_def_cfa_offset 392636
 511 03b4 8D542424 		leal	36(%esp), %edx
 512 03b8 52       		pushl	%edx
GAS LISTING /tmp/cckgNgGM.s 			page 13


 513              		.cfi_def_cfa_offset 392640
 514 03b9 E8FCFFFF 		call	_gfortran_cpu_time_8
 514      FF
 515              	.LVL36:
 516              	.LBB20:
  30:teamcake_CPB_static.f90 ****   iam = OMP_GET_THREAD_NUM()
 517              		.loc 1 30 0
 518 03be 8D8C2498 		leal	196504(%esp), %ecx
 518      FF0200
 519 03c5 895C243C 		movl	%ebx, 60(%esp)
 520 03c9 894C2440 		movl	%ecx, 64(%esp)
 521 03cd 6A00     		pushl	$0
 522              		.cfi_def_cfa_offset 392644
 523 03cf 6A00     		pushl	$0
 524              		.cfi_def_cfa_offset 392648
 525 03d1 8D742444 		leal	68(%esp), %esi
 526 03d5 56       		pushl	%esi
 527              		.cfi_def_cfa_offset 392652
 528 03d6 68000000 		pushl	$MAIN__._omp_fn.0
 528      00
 529              		.cfi_def_cfa_offset 392656
 530 03db E8FCFFFF 		call	GOMP_parallel
 530      FF
 531              	.LVL37:
 532              	.LBE20:
  60:teamcake_CPB_static.f90 ****      !
  61:teamcake_CPB_static.f90 ****   ENDDO
  62:teamcake_CPB_static.f90 ****   !
  63:teamcake_CPB_static.f90 ****   !$OMP END PARALLEL
  64:teamcake_CPB_static.f90 ****   !
  65:teamcake_CPB_static.f90 ****   !
  66:teamcake_CPB_static.f90 ****   ! Set time end
  67:teamcake_CPB_static.f90 ****   CALL CPU_TIME(time_end)
 533              		.loc 1 67 0
 534 03e0 83C414   		addl	$20, %esp
 535              		.cfi_def_cfa_offset 392636
 536 03e3 8D7C241C 		leal	28(%esp), %edi
 537 03e7 57       		pushl	%edi
 538              		.cfi_def_cfa_offset 392640
 539 03e8 31FF     		xorl	%edi, %edi
 540 03ea E8FCFFFF 		call	_gfortran_cpu_time_8
 540      FF
 541              	.LVL38:
 542              	.LBB21:
  68:teamcake_CPB_static.f90 ****   !
  69:teamcake_CPB_static.f90 ****   WRITE(*,*) "##", time_end-time_start
 543              		.loc 1 69 0
 544 03ef C7442444 		movl	$.LC1, 68(%esp)
 544      00000000 
 545 03f7 C7442448 		movl	$69, 72(%esp)
 545      45000000 
 546 03ff C744243C 		movl	$128, 60(%esp)
 546      80000000 
 547 0407 C7442440 		movl	$6, 64(%esp)
 547      06000000 
 548 040f 893424   		movl	%esi, (%esp)
 549 0412 E8FCFFFF 		call	_gfortran_st_write
GAS LISTING /tmp/cckgNgGM.s 			page 14


 549      FF
 550              	.LVL39:
 551 0417 83C40C   		addl	$12, %esp
 552              		.cfi_def_cfa_offset 392628
 553 041a 6A02     		pushl	$2
 554              		.cfi_def_cfa_offset 392632
 555 041c 68030000 		pushl	$.LC5
 555      00
 556              		.cfi_def_cfa_offset 392636
 557 0421 56       		pushl	%esi
 558              		.cfi_def_cfa_offset 392640
 559 0422 E8FCFFFF 		call	_gfortran_transfer_character_write
 559      FF
 560              	.LVL40:
 561              	.LBB22:
 562 0427 DD442420 		fldl	32(%esp)
 563 042b DC642428 		fsubl	40(%esp)
 564 042f DD5C2430 		fstpl	48(%esp)
 565 0433 83C40C   		addl	$12, %esp
 566              		.cfi_def_cfa_offset 392628
 567 0436 6A08     		pushl	$8
 568              		.cfi_def_cfa_offset 392632
 569 0438 8D442428 		leal	40(%esp), %eax
 570 043c 50       		pushl	%eax
 571              		.cfi_def_cfa_offset 392636
 572 043d 56       		pushl	%esi
 573              		.cfi_def_cfa_offset 392640
 574 043e E8FCFFFF 		call	_gfortran_transfer_real_write
 574      FF
 575              	.LVL41:
 576              	.LBE22:
 577 0443 893424   		movl	%esi, (%esp)
 578 0446 E8FCFFFF 		call	_gfortran_st_write_done
 578      FF
 579              	.LVL42:
 580              	.LBE21:
 581 044b 83C410   		addl	$16, %esp
 582              		.cfi_def_cfa_offset 392624
 583              	.L55:
 584              	.LBB23:
 585              	.LBB24:
  70:teamcake_CPB_static.f90 ****   !
  71:teamcake_CPB_static.f90 ****   ! PROGRAM OUTPUT
  72:teamcake_CPB_static.f90 ****   DO index = 0, dim_data-1
  73:teamcake_CPB_static.f90 ****      WRITE(*,*) cma_data(index)
 586              		.loc 1 73 0 discriminator 3
 587 044e C7442434 		movl	$.LC1, 52(%esp)
 587      00000000 
 588              	.LBE24:
  72:teamcake_CPB_static.f90 ****      WRITE(*,*) cma_data(index)
 589              		.loc 1 72 0 discriminator 3
 590 0456 8D6F01   		leal	1(%edi), %ebp
 591              	.LBB25:
 592              		.loc 1 73 0 discriminator 3
 593 0459 83EC0C   		subl	$12, %esp
 594              		.cfi_def_cfa_offset 392636
 595 045c C7442444 		movl	$73, 68(%esp)
GAS LISTING /tmp/cckgNgGM.s 			page 15


 595      49000000 
 596 0464 C7442438 		movl	$128, 56(%esp)
 596      80000000 
 597 046c C744243C 		movl	$6, 60(%esp)
 597      06000000 
 598 0474 56       		pushl	%esi
 599              		.cfi_def_cfa_offset 392640
 600 0475 E8FCFFFF 		call	_gfortran_st_write
 600      FF
 601              	.LVL43:
 602 047a 83C40C   		addl	$12, %esp
 603              		.cfi_def_cfa_offset 392628
 604 047d 6A08     		pushl	$8
 605              		.cfi_def_cfa_offset 392632
 606 047f 53       		pushl	%ebx
 607              		.cfi_def_cfa_offset 392636
 608 0480 56       		pushl	%esi
 609              		.cfi_def_cfa_offset 392640
 610 0481 E8FCFFFF 		call	_gfortran_transfer_real_write
 610      FF
 611              	.LVL44:
 612 0486 893424   		movl	%esi, (%esp)
 613 0489 E8FCFFFF 		call	_gfortran_st_write_done
 613      FF
 614              	.LVL45:
 615              	.LBE25:
  72:teamcake_CPB_static.f90 ****      WRITE(*,*) cma_data(index)
 616              		.loc 1 72 0 discriminator 3
 617 048e 896C241C 		movl	%ebp, 28(%esp)
 618 0492 8D6B08   		leal	8(%ebx), %ebp
 619              	.LBB26:
 620              		.loc 1 73 0 discriminator 3
 621 0495 C7442444 		movl	$.LC1, 68(%esp)
 621      00000000 
 622 049d C7442448 		movl	$73, 72(%esp)
 622      49000000 
 623 04a5 C744243C 		movl	$128, 60(%esp)
 623      80000000 
 624 04ad C7442440 		movl	$6, 64(%esp)
 624      06000000 
 625 04b5 893424   		movl	%esi, (%esp)
 626 04b8 E8FCFFFF 		call	_gfortran_st_write
 626      FF
 627              	.LVL46:
 628 04bd 83C40C   		addl	$12, %esp
 629              		.cfi_def_cfa_offset 392628
 630 04c0 6A08     		pushl	$8
 631              		.cfi_def_cfa_offset 392632
 632 04c2 55       		pushl	%ebp
 633              		.cfi_def_cfa_offset 392636
 634 04c3 8D6B10   		leal	16(%ebx), %ebp
 635 04c6 83C318   		addl	$24, %ebx
 636 04c9 56       		pushl	%esi
 637              		.cfi_def_cfa_offset 392640
 638 04ca E8FCFFFF 		call	_gfortran_transfer_real_write
 638      FF
 639              	.LVL47:
GAS LISTING /tmp/cckgNgGM.s 			page 16


 640 04cf 893424   		movl	%esi, (%esp)
 641 04d2 E8FCFFFF 		call	_gfortran_st_write_done
 641      FF
 642              	.LVL48:
 643              	.LBE26:
  72:teamcake_CPB_static.f90 ****      WRITE(*,*) cma_data(index)
 644              		.loc 1 72 0 discriminator 3
 645 04d7 8D5702   		leal	2(%edi), %edx
 646              	.LBB27:
 647              		.loc 1 73 0 discriminator 3
 648 04da 893424   		movl	%esi, (%esp)
 649              	.LBE27:
  72:teamcake_CPB_static.f90 ****      WRITE(*,*) cma_data(index)
 650              		.loc 1 72 0 discriminator 3
 651 04dd 83C703   		addl	$3, %edi
 652 04e0 8954241C 		movl	%edx, 28(%esp)
 653              	.LBB28:
 654              		.loc 1 73 0 discriminator 3
 655 04e4 C7442444 		movl	$.LC1, 68(%esp)
 655      00000000 
 656 04ec C7442448 		movl	$73, 72(%esp)
 656      49000000 
 657 04f4 C744243C 		movl	$128, 60(%esp)
 657      80000000 
 658 04fc C7442440 		movl	$6, 64(%esp)
 658      06000000 
 659 0504 E8FCFFFF 		call	_gfortran_st_write
 659      FF
 660              	.LVL49:
 661 0509 83C40C   		addl	$12, %esp
 662              		.cfi_def_cfa_offset 392628
 663 050c 6A08     		pushl	$8
 664              		.cfi_def_cfa_offset 392632
 665 050e 55       		pushl	%ebp
 666              		.cfi_def_cfa_offset 392636
 667 050f 56       		pushl	%esi
 668              		.cfi_def_cfa_offset 392640
 669 0510 E8FCFFFF 		call	_gfortran_transfer_real_write
 669      FF
 670              	.LVL50:
 671 0515 893424   		movl	%esi, (%esp)
 672 0518 E8FCFFFF 		call	_gfortran_st_write_done
 672      FF
 673              	.LVL51:
 674              	.LBE28:
  72:teamcake_CPB_static.f90 ****      WRITE(*,*) cma_data(index)
 675              		.loc 1 72 0 discriminator 3
 676 051d 897C241C 		movl	%edi, 28(%esp)
 677 0521 83C410   		addl	$16, %esp
 678              		.cfi_def_cfa_offset 392624
 679 0524 81FFC15F 		cmpl	$24513, %edi
 679      0000
 680 052a 0F851EFF 		jne	.L55
 680      FFFF
 681              	.LBE23:
  74:teamcake_CPB_static.f90 ****   ENDDO
  75:teamcake_CPB_static.f90 ****   !
GAS LISTING /tmp/cckgNgGM.s 			page 17


  76:teamcake_CPB_static.f90 **** END PROGRAM TEAMCAKE_CPB_STATIC
 682              		.loc 1 76 0
 683 0530 81C49CFD 		addl	$392604, %esp
 683      0500
 684              		.cfi_def_cfa_offset 20
 685 0536 5B       		popl	%ebx
 686              		.cfi_restore 3
 687              		.cfi_def_cfa_offset 16
 688 0537 5E       		popl	%esi
 689              		.cfi_restore 6
 690              		.cfi_def_cfa_offset 12
 691 0538 5F       		popl	%edi
 692              		.cfi_restore 7
 693              		.cfi_def_cfa_offset 8
 694 0539 5D       		popl	%ebp
 695              		.cfi_restore 5
 696              		.cfi_def_cfa_offset 4
 697 053a C3       		ret
 698              		.cfi_endproc
 699              	.LFE0:
 701              		.section	.text.unlikely
 702              	.LCOLDE6:
 703              		.text
 704              	.LHOTE6:
 705              		.section	.text.unlikely
 706              	.LCOLDB7:
 707              		.section	.text.startup,"ax",@progbits
 708              	.LHOTB7:
 709              		.p2align 4,,15
 710              		.globl	main
 712              	main:
 713              	.LFB1:
 714              		.loc 1 76 0
 715              		.cfi_startproc
 716              	.LVL52:
 717 0000 8D4C2404 		leal	4(%esp), %ecx
 718              		.cfi_def_cfa 1, 0
 719 0004 83E4F0   		andl	$-16, %esp
 720 0007 FF71FC   		pushl	-4(%ecx)
 721 000a 55       		pushl	%ebp
 722              		.cfi_escape 0x10,0x5,0x2,0x75,0
 723 000b 89E5     		movl	%esp, %ebp
 724 000d 51       		pushl	%ecx
 725              		.cfi_escape 0xf,0x3,0x75,0x7c,0x6
 726 000e 83EC0C   		subl	$12, %esp
 727              		.loc 1 76 0
 728 0011 FF7104   		pushl	4(%ecx)
 729 0014 FF31     		pushl	(%ecx)
 730 0016 E8FCFFFF 		call	_gfortran_set_args
 730      FF
 731              	.LVL53:
 732 001b 58       		popl	%eax
 733 001c 5A       		popl	%edx
 734 001d 68200000 		pushl	$options.7.2313
 734      00
 735 0022 6A09     		pushl	$9
 736 0024 E8FCFFFF 		call	_gfortran_set_options
GAS LISTING /tmp/cckgNgGM.s 			page 18


 736      FF
 737              	.LVL54:
 738 0029 E82C0200 		call	MAIN__
 738      00
 739              	.LVL55:
 740 002e 8B55FC   		movl	-4(%ebp), %edx
 741              		.cfi_def_cfa 1, 0
 742 0031 83C410   		addl	$16, %esp
 743 0034 31C0     		xorl	%eax, %eax
 744 0036 C9       		leave
 745              		.cfi_restore 5
 746 0037 8D62FC   		leal	-4(%edx), %esp
 747              		.cfi_def_cfa 4, 4
 748 003a C3       		ret
 749              		.cfi_endproc
 750              	.LFE1:
 752              		.section	.text.unlikely
 753              	.LCOLDE7:
 754              		.section	.text.startup
 755              	.LHOTE7:
 756              		.section	.rodata
 757 0005 00000000 		.align 32
 757      00000000 
 757      00000000 
 757      00000000 
 757      00000000 
 760              	options.7.2313:
 761 0020 44000000 		.long	68
 762 0024 FF030000 		.long	1023
 763 0028 00000000 		.long	0
 764 002c 00000000 		.long	0
 765 0030 01000000 		.long	1
 766 0034 01000000 		.long	1
 767 0038 00000000 		.long	0
 768 003c 00000000 		.long	0
 769 0040 1F000000 		.long	31
 770              		.text
 771              	.Letext0:
 772              		.section	.text.unlikely
 773              	.Letext_cold0:
 774              		.file 2 "omp_lib.h"
 775              		.file 3 "<built-in>"
GAS LISTING /tmp/cckgNgGM.s 			page 19


DEFINED SYMBOLS
                            *ABS*:0000000000000000 teamcake_CPB_static.f90
     /tmp/cckgNgGM.s:19     .text:0000000000000000 MAIN__._omp_fn.0
     /tmp/cckgNgGM.s:355    .text:0000000000000230 MAIN__
     /tmp/cckgNgGM.s:712    .text.startup:0000000000000000 main
     /tmp/cckgNgGM.s:760    .rodata:0000000000000020 options.7.2313

UNDEFINED SYMBOLS
omp_get_thread_num_
omp_get_num_threads_
_gfortran_st_write
_gfortran_transfer_character_write
_gfortran_transfer_integer_write
_gfortran_st_write_done
_gfortran_st_read
_gfortran_transfer_integer
_gfortran_st_read_done
_gfortran_transfer_real
_gfortran_cpu_time_8
GOMP_parallel
_gfortran_transfer_real_write
_gfortran_set_args
_gfortran_set_options
